Unknown:
C:\Users\27950\OneDrive\Desktop\works\cst\HyperMetaSim\prjs\templates\SquarePillar\Result\FieldSetFile.fsf
C:\Users\27950\OneDrive\Desktop\works\cst\HyperMetaSim\prjs\templates\SquarePillar\Result\hardware_resources.sconf
C:\Users\27950\OneDrive\Desktop\works\cst\HyperMetaSim\prjs\templates\SquarePillar\Result\Model.log
C:\Users\27950\OneDrive\Desktop\works\cst\HyperMetaSim\prjs\templates\SquarePillar\Result\Model.sa
C:\Users\27950\OneDrive\Desktop\works\cst\HyperMetaSim\prjs\templates\SquarePillar\Result\Model.swp
C:\Users\27950\OneDrive\Desktop\works\cst\HyperMetaSim\prjs\templates\SquarePillar\Result\Port1_e1(#0000).sct
C:\Users\27950\OneDrive\Desktop\works\cst\HyperMetaSim\prjs\templates\SquarePillar\Result\Port1_e1(#0001).sct
C:\Users\27950\OneDrive\Desktop\works\cst\HyperMetaSim\prjs\templates\SquarePillar\Result\Port1_e1(#0002).sct
C:\Users\27950\OneDrive\Desktop\works\cst\HyperMetaSim\prjs\templates\SquarePillar\Result\Port1_e2(#0000).sct
C:\Users\27950\OneDrive\Desktop\works\cst\HyperMetaSim\prjs\templates\SquarePillar\Result\Port1_e2(#0001).sct
C:\Users\27950\OneDrive\Desktop\works\cst\HyperMetaSim\prjs\templates\SquarePillar\Result\Port1_e2(#0002).sct
C:\Users\27950\OneDrive\Desktop\works\cst\HyperMetaSim\prjs\templates\SquarePillar\Result\Port1_eInfo1(#0000).pmf
C:\Users\27950\OneDrive\Desktop\works\cst\HyperMetaSim\prjs\templates\SquarePillar\Result\Port1_eInfo1(#0001).pmf
C:\Users\27950\OneDrive\Desktop\works\cst\HyperMetaSim\prjs\templates\SquarePillar\Result\Port1_eInfo1(#0002).pmf
C:\Users\27950\OneDrive\Desktop\works\cst\HyperMetaSim\prjs\templates\SquarePillar\Result\Port1_eInfo2(#0000).pmf
C:\Users\27950\OneDrive\Desktop\works\cst\HyperMetaSim\prjs\templates\SquarePillar\Result\Port1_eInfo2(#0001).pmf
C:\Users\27950\OneDrive\Desktop\works\cst\HyperMetaSim\prjs\templates\SquarePillar\Result\Port1_eInfo2(#0002).pmf
C:\Users\27950\OneDrive\Desktop\works\cst\HyperMetaSim\prjs\templates\SquarePillar\Result\Port1_eout1(#0000).sct
C:\Users\27950\OneDrive\Desktop\works\cst\HyperMetaSim\prjs\templates\SquarePillar\Result\Port1_eout1(#0001).sct
C:\Users\27950\OneDrive\Desktop\works\cst\HyperMetaSim\prjs\templates\SquarePillar\Result\Port1_eout1(#0002).sct
C:\Users\27950\OneDrive\Desktop\works\cst\HyperMetaSim\prjs\templates\SquarePillar\Result\Port1_eout2(#0000).sct
C:\Users\27950\OneDrive\Desktop\works\cst\HyperMetaSim\prjs\templates\SquarePillar\Result\Port1_eout2(#0001).sct
C:\Users\27950\OneDrive\Desktop\works\cst\HyperMetaSim\prjs\templates\SquarePillar\Result\Port1_eout2(#0002).sct
C:\Users\27950\OneDrive\Desktop\works\cst\HyperMetaSim\prjs\templates\SquarePillar\Result\Port1_h1(#0000).sct
C:\Users\27950\OneDrive\Desktop\works\cst\HyperMetaSim\prjs\templates\SquarePillar\Result\Port1_h1(#0001).sct
C:\Users\27950\OneDrive\Desktop\works\cst\HyperMetaSim\prjs\templates\SquarePillar\Result\Port1_h1(#0002).sct
C:\Users\27950\OneDrive\Desktop\works\cst\HyperMetaSim\prjs\templates\SquarePillar\Result\Port1_h2(#0000).sct
C:\Users\27950\OneDrive\Desktop\works\cst\HyperMetaSim\prjs\templates\SquarePillar\Result\Port1_h2(#0001).sct
C:\Users\27950\OneDrive\Desktop\works\cst\HyperMetaSim\prjs\templates\SquarePillar\Result\Port1_h2(#0002).sct
C:\Users\27950\OneDrive\Desktop\works\cst\HyperMetaSim\prjs\templates\SquarePillar\Result\Port1_hInfo1(#0000).pmf
C:\Users\27950\OneDrive\Desktop\works\cst\HyperMetaSim\prjs\templates\SquarePillar\Result\Port1_hInfo1(#0001).pmf
C:\Users\27950\OneDrive\Desktop\works\cst\HyperMetaSim\prjs\templates\SquarePillar\Result\Port1_hInfo1(#0002).pmf
C:\Users\27950\OneDrive\Desktop\works\cst\HyperMetaSim\prjs\templates\SquarePillar\Result\Port1_hInfo2(#0000).pmf
C:\Users\27950\OneDrive\Desktop\works\cst\HyperMetaSim\prjs\templates\SquarePillar\Result\Port1_hInfo2(#0001).pmf
C:\Users\27950\OneDrive\Desktop\works\cst\HyperMetaSim\prjs\templates\SquarePillar\Result\Port1_hInfo2(#0002).pmf
C:\Users\27950\OneDrive\Desktop\works\cst\HyperMetaSim\prjs\templates\SquarePillar\Result\Port1_hout1(#0000).sct
C:\Users\27950\OneDrive\Desktop\works\cst\HyperMetaSim\prjs\templates\SquarePillar\Result\Port1_hout1(#0001).sct
C:\Users\27950\OneDrive\Desktop\works\cst\HyperMetaSim\prjs\templates\SquarePillar\Result\Port1_hout1(#0002).sct
C:\Users\27950\OneDrive\Desktop\works\cst\HyperMetaSim\prjs\templates\SquarePillar\Result\Port1_hout2(#0000).sct
C:\Users\27950\OneDrive\Desktop\works\cst\HyperMetaSim\prjs\templates\SquarePillar\Result\Port1_hout2(#0001).sct
C:\Users\27950\OneDrive\Desktop\works\cst\HyperMetaSim\prjs\templates\SquarePillar\Result\Port1_hout2(#0002).sct
C:\Users\27950\OneDrive\Desktop\works\cst\HyperMetaSim\prjs\templates\SquarePillar\Result\Port1_p1(#0000).sct
C:\Users\27950\OneDrive\Desktop\works\cst\HyperMetaSim\prjs\templates\SquarePillar\Result\Port1_p1(#0001).sct
C:\Users\27950\OneDrive\Desktop\works\cst\HyperMetaSim\prjs\templates\SquarePillar\Result\Port1_p1(#0002).sct
C:\Users\27950\OneDrive\Desktop\works\cst\HyperMetaSim\prjs\templates\SquarePillar\Result\Port1_p2(#0000).sct
C:\Users\27950\OneDrive\Desktop\works\cst\HyperMetaSim\prjs\templates\SquarePillar\Result\Port1_p2(#0001).sct
C:\Users\27950\OneDrive\Desktop\works\cst\HyperMetaSim\prjs\templates\SquarePillar\Result\Port1_p2(#0002).sct
C:\Users\27950\OneDrive\Desktop\works\cst\HyperMetaSim\prjs\templates\SquarePillar\Result\Port1_pInfo1(#0000).pmf
C:\Users\27950\OneDrive\Desktop\works\cst\HyperMetaSim\prjs\templates\SquarePillar\Result\Port1_pInfo1(#0001).pmf
C:\Users\27950\OneDrive\Desktop\works\cst\HyperMetaSim\prjs\templates\SquarePillar\Result\Port1_pInfo1(#0002).pmf
C:\Users\27950\OneDrive\Desktop\works\cst\HyperMetaSim\prjs\templates\SquarePillar\Result\Port1_pInfo2(#0000).pmf
C:\Users\27950\OneDrive\Desktop\works\cst\HyperMetaSim\prjs\templates\SquarePillar\Result\Port1_pInfo2(#0001).pmf
C:\Users\27950\OneDrive\Desktop\works\cst\HyperMetaSim\prjs\templates\SquarePillar\Result\Port1_pInfo2(#0002).pmf
C:\Users\27950\OneDrive\Desktop\works\cst\HyperMetaSim\prjs\templates\SquarePillar\Result\Port1_pout1(#0000).sct
C:\Users\27950\OneDrive\Desktop\works\cst\HyperMetaSim\prjs\templates\SquarePillar\Result\Port1_pout1(#0001).sct
C:\Users\27950\OneDrive\Desktop\works\cst\HyperMetaSim\prjs\templates\SquarePillar\Result\Port1_pout1(#0002).sct
C:\Users\27950\OneDrive\Desktop\works\cst\HyperMetaSim\prjs\templates\SquarePillar\Result\Port1_pout2(#0000).sct
C:\Users\27950\OneDrive\Desktop\works\cst\HyperMetaSim\prjs\templates\SquarePillar\Result\Port1_pout2(#0001).sct
C:\Users\27950\OneDrive\Desktop\works\cst\HyperMetaSim\prjs\templates\SquarePillar\Result\Port1_pout2(#0002).sct
C:\Users\27950\OneDrive\Desktop\works\cst\HyperMetaSim\prjs\templates\SquarePillar\Result\Port2_e1(#0000).sct
C:\Users\27950\OneDrive\Desktop\works\cst\HyperMetaSim\prjs\templates\SquarePillar\Result\Port2_e1(#0001).sct
C:\Users\27950\OneDrive\Desktop\works\cst\HyperMetaSim\prjs\templates\SquarePillar\Result\Port2_e1(#0002).sct
C:\Users\27950\OneDrive\Desktop\works\cst\HyperMetaSim\prjs\templates\SquarePillar\Result\Port2_e2(#0000).sct
C:\Users\27950\OneDrive\Desktop\works\cst\HyperMetaSim\prjs\templates\SquarePillar\Result\Port2_e2(#0001).sct
C:\Users\27950\OneDrive\Desktop\works\cst\HyperMetaSim\prjs\templates\SquarePillar\Result\Port2_e2(#0002).sct
C:\Users\27950\OneDrive\Desktop\works\cst\HyperMetaSim\prjs\templates\SquarePillar\Result\Port2_eInfo1(#0000).pmf
C:\Users\27950\OneDrive\Desktop\works\cst\HyperMetaSim\prjs\templates\SquarePillar\Result\Port2_eInfo1(#0001).pmf
C:\Users\27950\OneDrive\Desktop\works\cst\HyperMetaSim\prjs\templates\SquarePillar\Result\Port2_eInfo1(#0002).pmf
C:\Users\27950\OneDrive\Desktop\works\cst\HyperMetaSim\prjs\templates\SquarePillar\Result\Port2_eInfo2(#0000).pmf
C:\Users\27950\OneDrive\Desktop\works\cst\HyperMetaSim\prjs\templates\SquarePillar\Result\Port2_eInfo2(#0001).pmf
C:\Users\27950\OneDrive\Desktop\works\cst\HyperMetaSim\prjs\templates\SquarePillar\Result\Port2_eInfo2(#0002).pmf
C:\Users\27950\OneDrive\Desktop\works\cst\HyperMetaSim\prjs\templates\SquarePillar\Result\Port2_eout1(#0000).sct
C:\Users\27950\OneDrive\Desktop\works\cst\HyperMetaSim\prjs\templates\SquarePillar\Result\Port2_eout1(#0001).sct
C:\Users\27950\OneDrive\Desktop\works\cst\HyperMetaSim\prjs\templates\SquarePillar\Result\Port2_eout1(#0002).sct
C:\Users\27950\OneDrive\Desktop\works\cst\HyperMetaSim\prjs\templates\SquarePillar\Result\Port2_eout2(#0000).sct
C:\Users\27950\OneDrive\Desktop\works\cst\HyperMetaSim\prjs\templates\SquarePillar\Result\Port2_eout2(#0001).sct
C:\Users\27950\OneDrive\Desktop\works\cst\HyperMetaSim\prjs\templates\SquarePillar\Result\Port2_eout2(#0002).sct
C:\Users\27950\OneDrive\Desktop\works\cst\HyperMetaSim\prjs\templates\SquarePillar\Result\Port2_h1(#0000).sct
C:\Users\27950\OneDrive\Desktop\works\cst\HyperMetaSim\prjs\templates\SquarePillar\Result\Port2_h1(#0001).sct
C:\Users\27950\OneDrive\Desktop\works\cst\HyperMetaSim\prjs\templates\SquarePillar\Result\Port2_h1(#0002).sct
C:\Users\27950\OneDrive\Desktop\works\cst\HyperMetaSim\prjs\templates\SquarePillar\Result\Port2_h2(#0000).sct
C:\Users\27950\OneDrive\Desktop\works\cst\HyperMetaSim\prjs\templates\SquarePillar\Result\Port2_h2(#0001).sct
C:\Users\27950\OneDrive\Desktop\works\cst\HyperMetaSim\prjs\templates\SquarePillar\Result\Port2_h2(#0002).sct
C:\Users\27950\OneDrive\Desktop\works\cst\HyperMetaSim\prjs\templates\SquarePillar\Result\Port2_hInfo1(#0000).pmf
C:\Users\27950\OneDrive\Desktop\works\cst\HyperMetaSim\prjs\templates\SquarePillar\Result\Port2_hInfo1(#0001).pmf
C:\Users\27950\OneDrive\Desktop\works\cst\HyperMetaSim\prjs\templates\SquarePillar\Result\Port2_hInfo1(#0002).pmf
C:\Users\27950\OneDrive\Desktop\works\cst\HyperMetaSim\prjs\templates\SquarePillar\Result\Port2_hInfo2(#0000).pmf
C:\Users\27950\OneDrive\Desktop\works\cst\HyperMetaSim\prjs\templates\SquarePillar\Result\Port2_hInfo2(#0001).pmf
C:\Users\27950\OneDrive\Desktop\works\cst\HyperMetaSim\prjs\templates\SquarePillar\Result\Port2_hInfo2(#0002).pmf
C:\Users\27950\OneDrive\Desktop\works\cst\HyperMetaSim\prjs\templates\SquarePillar\Result\Port2_hout1(#0000).sct
C:\Users\27950\OneDrive\Desktop\works\cst\HyperMetaSim\prjs\templates\SquarePillar\Result\Port2_hout1(#0001).sct
C:\Users\27950\OneDrive\Desktop\works\cst\HyperMetaSim\prjs\templates\SquarePillar\Result\Port2_hout1(#0002).sct
C:\Users\27950\OneDrive\Desktop\works\cst\HyperMetaSim\prjs\templates\SquarePillar\Result\Port2_hout2(#0000).sct
C:\Users\27950\OneDrive\Desktop\works\cst\HyperMetaSim\prjs\templates\SquarePillar\Result\Port2_hout2(#0001).sct
C:\Users\27950\OneDrive\Desktop\works\cst\HyperMetaSim\prjs\templates\SquarePillar\Result\Port2_hout2(#0002).sct
C:\Users\27950\OneDrive\Desktop\works\cst\HyperMetaSim\prjs\templates\SquarePillar\Result\Port2_p1(#0000).sct
C:\Users\27950\OneDrive\Desktop\works\cst\HyperMetaSim\prjs\templates\SquarePillar\Result\Port2_p1(#0001).sct
C:\Users\27950\OneDrive\Desktop\works\cst\HyperMetaSim\prjs\templates\SquarePillar\Result\Port2_p1(#0002).sct
C:\Users\27950\OneDrive\Desktop\works\cst\HyperMetaSim\prjs\templates\SquarePillar\Result\Port2_p2(#0000).sct
C:\Users\27950\OneDrive\Desktop\works\cst\HyperMetaSim\prjs\templates\SquarePillar\Result\Port2_p2(#0001).sct
C:\Users\27950\OneDrive\Desktop\works\cst\HyperMetaSim\prjs\templates\SquarePillar\Result\Port2_p2(#0002).sct
C:\Users\27950\OneDrive\Desktop\works\cst\HyperMetaSim\prjs\templates\SquarePillar\Result\Port2_pInfo1(#0000).pmf
C:\Users\27950\OneDrive\Desktop\works\cst\HyperMetaSim\prjs\templates\SquarePillar\Result\Port2_pInfo1(#0001).pmf
C:\Users\27950\OneDrive\Desktop\works\cst\HyperMetaSim\prjs\templates\SquarePillar\Result\Port2_pInfo1(#0002).pmf
C:\Users\27950\OneDrive\Desktop\works\cst\HyperMetaSim\prjs\templates\SquarePillar\Result\Port2_pInfo2(#0000).pmf
C:\Users\27950\OneDrive\Desktop\works\cst\HyperMetaSim\prjs\templates\SquarePillar\Result\Port2_pInfo2(#0001).pmf
C:\Users\27950\OneDrive\Desktop\works\cst\HyperMetaSim\prjs\templates\SquarePillar\Result\Port2_pInfo2(#0002).pmf
C:\Users\27950\OneDrive\Desktop\works\cst\HyperMetaSim\prjs\templates\SquarePillar\Result\Port2_pout1(#0000).sct
C:\Users\27950\OneDrive\Desktop\works\cst\HyperMetaSim\prjs\templates\SquarePillar\Result\Port2_pout1(#0001).sct
C:\Users\27950\OneDrive\Desktop\works\cst\HyperMetaSim\prjs\templates\SquarePillar\Result\Port2_pout1(#0002).sct
C:\Users\27950\OneDrive\Desktop\works\cst\HyperMetaSim\prjs\templates\SquarePillar\Result\Port2_pout2(#0000).sct
C:\Users\27950\OneDrive\Desktop\works\cst\HyperMetaSim\prjs\templates\SquarePillar\Result\Port2_pout2(#0001).sct
C:\Users\27950\OneDrive\Desktop\works\cst\HyperMetaSim\prjs\templates\SquarePillar\Result\Port2_pout2(#0002).sct
C:\Users\27950\OneDrive\Desktop\works\cst\HyperMetaSim\prjs\templates\SquarePillar\Result\SolCoef(#0000)_Zmin(2).scf
C:\Users\27950\OneDrive\Desktop\works\cst\HyperMetaSim\prjs\templates\SquarePillar\Result\SolCoef(#0001)_Zmin(2).scf
Mesh:
C:\Users\27950\OneDrive\Desktop\works\cst\HyperMetaSim\prjs\templates\SquarePillar\Result\3do.slim
C:\Users\27950\OneDrive\Desktop\works\cst\HyperMetaSim\prjs\templates\SquarePillar\Result\log.tet
C:\Users\27950\OneDrive\Desktop\works\cst\HyperMetaSim\prjs\templates\SquarePillar\Result\Mesh_Input.Entities2Mesh.tet
C:\Users\27950\OneDrive\Desktop\works\cst\HyperMetaSim\prjs\templates\SquarePillar\Result\Mesh_Input.Options.tet
C:\Users\27950\OneDrive\Desktop\works\cst\HyperMetaSim\prjs\templates\SquarePillar\Result\Mesh_Input.QuasiModel.tet
C:\Users\27950\OneDrive\Desktop\works\cst\HyperMetaSim\prjs\templates\SquarePillar\Result\Mesh_Output.QuasiModel.tet
C:\Users\27950\OneDrive\Desktop\works\cst\HyperMetaSim\prjs\templates\SquarePillar\Result\Mesh_Output.U2F.tet
C:\Users\27950\OneDrive\Desktop\works\cst\HyperMetaSim\prjs\templates\SquarePillar\Result\mir.tet
C:\Users\27950\OneDrive\Desktop\works\cst\HyperMetaSim\prjs\templates\SquarePillar\Result\moegeom.tet
C:\Users\27950\OneDrive\Desktop\works\cst\HyperMetaSim\prjs\templates\SquarePillar\Result\Port1.slim
C:\Users\27950\OneDrive\Desktop\works\cst\HyperMetaSim\prjs\templates\SquarePillar\Result\Port2.slim
C:\Users\27950\OneDrive\Desktop\works\cst\HyperMetaSim\prjs\templates\SquarePillar\Result\refinementparents.tet
C:\Users\27950\OneDrive\Desktop\works\cst\HyperMetaSim\prjs\templates\SquarePillar\Result\reftags.tet
C:\Users\27950\OneDrive\Desktop\works\cst\HyperMetaSim\prjs\templates\SquarePillar\Result\tetquality.tet
C:\Users\27950\OneDrive\Desktop\works\cst\HyperMetaSim\prjs\templates\SquarePillar\Result\topot.tet
Port:
C:\Users\27950\OneDrive\Desktop\works\cst\HyperMetaSim\prjs\templates\SquarePillar\Result\Model.pmi
